Microchip MPLAB XC8 Compiler V2.31

Linker command line:

-W-3 --edf=C:\Program Files\Microchip\xc8\v2.31\pic\dat\en_msgs.txt -cn \
  -h+dist/default/production\Digital2_Lab3.production.sym \
  --cmf=dist/default/production\Digital2_Lab3.production.cmf -z -w9 \
  --disl=596:off --norlf -Q16F887 \
  -oC:\Users\santi\AppData\Local\Temp\sn80.2 --defsym=__MPLAB_BUILD=1 \
  -Mdist/default/production/Digital2_Lab3.production.map -E1 \
  -ver=XC8 Compiler --acfsm=1493 -ACODE=00h-07FFhx4 -ASTRCODE=00h-01FFFh \
  -ASTRING=00h-0FFhx32 -ACONST=00h-0FFhx32 -AENTRY=00h-0FFhx32 \
  -ACOMMON=070h-07Fh -ABANK0=020h-06Fh -ABANK1=0A0h-0EFh \
  -ABANK2=0110h-016Fh -ABANK3=0190h-01EFh \
  -ARAM=020h-06Fh,0A0h-0EFh,0110h-016Fh,0190h-01EFh \
  -AABS1=020h-07Fh,0A0h-0EFh,0110h-016Fh,0190h-01EFh -ASFR0=00h-01Fh \
  -ASFR1=080h-09Fh -ASFR2=0100h-010Fh -ASFR3=0180h-018Fh \
  -ACONFIG=02007h-02008h -DCONFIG=2 -AIDLOC=02000h-02003h -DIDLOC=2 \
  -AEEDATA=00h-0FFh/02100h -peeprom_data=EEDATA -DEEDATA=2 -DCODE=2 \
  -DSTRCODE=2 -DSTRING=2 -DCONST=2 -DENTRY=2 \
  -preset_vec=00h,intentry,init,end_init -ppowerup=CODE -pcinit=CODE \
  -pfunctab=ENTRY -k C:\Users\santi\AppData\Local\Temp\sn80.o \
  dist/default/production\Digital2_Lab3.production.o 

Object code version is 3.11

Machine type is 16F887



                Name                               Link     Load   Length Selector   Space Scale
C:\Users\santi\AppData\Local\Temp\sn80.o
                end_init                              8        8        4        0       0
                config                             2007     2007        2        0       4
dist/default/production\Digital2_Lab3.production.o
                cinit                               7E6      7E6       1A      FCC       0
                intentry                              0        0        8        0       0
                text1_split_1                       20F      20F      5D7      41E       0
                config                             2007     2007        2        0       4
                text35                             1000     1000        E     193A       0
                text34                                0        0       43        0       0
                text33                              841      841       FB     1082       0
                text32                               43       43       1A        0       0
                text31                              801      801        6     1002       0
                text30                               5D       5D       1A        0       0
                text29                             18C2     18C2        D     3184       0
                text28                             1998     1998       56     3330       0
                text27                               77       77       1C        0       0
                text26                               93       93       16        0       0
                text25                               A9       A9       44        0       0
                text24                             1E23     1E23      1DD     3C46       0
                text23                               ED       ED       29        0       0
                text22                             18F8     18F8       50     31F0       0
                text21                             100E     100E       A4     201C       0
                text20                              116      116        B        0       0
                text19                             12BF     12BF      288     257E       0
                text18                             1948     1948       50     3290       0
                text17                             1B6E     1B6E       7C     36DC       0
                text16                             1A9D     1A9D       68     353A       0
                text15                             19EE     19EE       56     33DC       0
                text14                              121      121       25        0       0
                text13                             1BEA     1BEA       BC     37D4       0
                text12                             1D63     1D63       C0     3AC6       0
                text11                             1CA6     1CA6       BD     394C       0
                text10                             18CF     18CF       29     319E       0
                text9                               93C      93C      361     1278       0
                text8                               146      146       46        0       0
                text7                               807      807       3A     100E       0
                text6                              10B2     10B2      20D     2164       0
                text5                                 C        C       12        0       0
                text4                              1B05     1B05       69     360A       0
                text3                              1A44     1A44       59     3488       0
                text2                               C9D      C9D      363     193A       0
                text1                              1547     1547      2B9     2A8E       0
                maintext                             1E       1E      1F1       3C       0
                cstackBANK0                          20       20       4C       20       1
                cstackCOMMON                         70       70        A       70       1
                cstackBANK1                          A0       A0       2C       A0       1
                cstackBANK3                         1B8      1B8        4      190       1
                clrtext                             18C      18C        8        0       0
                bssBANK3                            190      190       28      190       1
                bssBANK1                             CC       CC       19       A0       1
                bssBANK0                             6C       6C        1       20       1
                bssCOMMON                            7A       7A        1       70       1
                nvBANK1                              E5       E5        8       A0       1
                strings                            1800     1800       BB     3000       0

TOTAL           Name                               Link     Load   Length     Space
        CLASS   CODE           
                end_init                              8        8        4         0
                cinit                               7E6      7E6       1A         0
                intentry                              0        0        8         0
                text1_split_1                       20F      20F      5D7         0
                text35                             1000     1000        E         0
                text34                                0        0       43         0
                text33                              841      841       FB         0
                text32                               43       43       1A         0
                text31                              801      801        6         0
                text30                               5D       5D       1A         0
                text29                             18C2     18C2        D         0
                text28                             1998     1998       56         0
                text27                               77       77       1C         0
                text26                               93       93       16         0
                text25                               A9       A9       44         0
                text24                             1E23     1E23      1DD         0
                text23                               ED       ED       29         0
                text22                             18F8     18F8       50         0
                text21                             100E     100E       A4         0
                text20                              116      116        B         0
                text19                             12BF     12BF      288         0
                text18                             1948     1948       50         0
                text17                             1B6E     1B6E       7C         0
                text16                             1A9D     1A9D       68         0
                text15                             19EE     19EE       56         0
                text14                              121      121       25         0
                text13                             1BEA     1BEA       BC         0
                text12                             1D63     1D63       C0         0
                text11                             1CA6     1CA6       BD         0
                text10                             18CF     18CF       29         0
                text9                               93C      93C      361         0
                text8                               146      146       46         0
                text7                               807      807       3A         0
                text6                              10B2     10B2      20D         0
                text5                                 C        C       12         0
                text4                              1B05     1B05       69         0
                text3                              1A44     1A44       59         0
                text2                               C9D      C9D      363         0
                text1                              1547     1547      2B9         0
                maintext                             1E       1E      1F1         0
                clrtext                             18C      18C        8         0

        CLASS   STRCODE        

        CLASS   STRING         
                strings                            1800     1800       BB         0

        CLASS   CONST          

        CLASS   ENTRY          

        CLASS   COMMON         
                cstackCOMMON                         70       70        A         1
                bssCOMMON                            7A       7A        1         1

        CLASS   BANK0          
                cstackBANK0                          20       20       4C         1
                bssBANK0                             6C       6C        1         1

        CLASS   BANK1          
                cstackBANK1                          A0       A0       2C         1
                bssBANK1                             CC       CC       19         1
                nvBANK1                              E5       E5        8         1

        CLASS   BANK2          

        CLASS   BANK3          
                cstackBANK3                         1B8      1B8        4         1
                bssBANK3                            190      190       28         1

        CLASS   RAM            

        CLASS   ABS1           
                abs_s1                               7E       7E        2         1

        CLASS   SFR0           

        CLASS   SFR1           

        CLASS   SFR2           

        CLASS   SFR3           

        CLASS   CONFIG         
                config                             2007     2007        2         4

        CLASS   IDLOC          

        CLASS   EEDATA         

        CLASS   STACK          



SEGMENTS        Name                           Load    Length   Top    Selector   Space  Class     Delta

                reset_vec                      000000  00001E  00001E         0       0  CODE        2
                cstackBANK0                    000020  00004D  00006D        20       1  BANK0       1
                maintext                       00001E  0001F1  00020F        3C       0  CODE        2
                cstackCOMMON                   000070  00000B  00007B        70       1  COMMON      1
                cstackBANK1                    0000A0  00004D  0000ED        A0       1  BANK1       1
                bssBANK3                       000190  00002C  0001BC       190       1  BANK3       1
                text1_split_1                  00020F  0005D7  0007E6       41E       0  CODE        2
                cinit                          0007E6  00001A  000800       FCC       0  CODE        2
                text31                         000801  000006  000807      1002       0  CODE        2
                text7                          000807  00003A  000841      100E       0  CODE        2
                text33                         000841  0000FB  00093C      1082       0  CODE        2
                text9                          00093C  000361  000C9D      1278       0  CODE        2
                text2                          000C9D  000371  00100E      193A       0  CODE        2
                text21                         00100E  0000A4  0010B2      201C       0  CODE        2
                text6                          0010B2  00020D  0012BF      2164       0  CODE        2
                text19                         0012BF  000288  001547      257E       0  CODE        2
                text1                          001547  0002B9  001800      2A8E       0  CODE        2
                strings                        001800  0000BB  0018BB      3000       0  STRING      2
                text29                         0018C2  00000D  0018CF      3184       0  CODE        2
                text10                         0018CF  000029  0018F8      319E       0  CODE        2
                text22                         0018F8  000050  001948      31F0       0  CODE        2
                text18                         001948  000050  001998      3290       0  CODE        2
                text28                         001998  000056  0019EE      3330       0  CODE        2
                text15                         0019EE  000056  001A44      33DC       0  CODE        2
                text3                          001A44  000059  001A9D      3488       0  CODE        2
                text16                         001A9D  000068  001B05      353A       0  CODE        2
                text4                          001B05  000069  001B6E      360A       0  CODE        2
                text17                         001B6E  00007C  001BEA      36DC       0  CODE        2
                text13                         001BEA  0000BC  001CA6      37D4       0  CODE        2
                text11                         001CA6  0000BD  001D63      394C       0  CODE        2
                text12                         001D63  0000C0  001E23      3AC6       0  CODE        2
                text24                         001E23  0001DD  002000      3C46       0  CODE        2


UNUSED ADDRESS RANGES

        Name                Unused          Largest block    Delta
        BANK0            0006D-0006F               3           1
        BANK1            000ED-000EF               3           1
        BANK2            00110-0016F              60           1
        BANK3            001BC-001EF              34           1
        CODE             00800-00800               1           2
                         018BB-018C1               7
        COMMON           0007B-0007D               3           1
        CONST            00800-00800               1           2
                         018BB-018C1               7
        EEDATA           02100-021FF             100           2
        ENTRY            00800-00800               1           2
                         018BB-018C1               7
        IDLOC            02000-02003               4           2
        RAM              0006D-0006F               3           1
                         000ED-000EF               3
                         00110-0016F              60
                         001BC-001EF              34
        SFR0             00000-0001F              20           1
        SFR1             00080-0009F              20           1
        SFR2             00100-0010F              10           1
        SFR3             00180-0018F              10           1
        STRCODE          00800-00800               1           2
                         018BB-018C1               7
        STRING           00800-00800               1           2
                         018BB-018C1               7

                                  Symbol Table

__Habs1                    abs1         00000
__Hbank0                   bank0        00000
__Hbank1                   bank1        00000
__Hbank2                   bank2        00000
__Hbank3                   bank3        00000
__Hclrtext                 clrtext      00000
__Hcode                    code         00000
__Hcommon                  common       00000
__Heeprom_data             eeprom_data  00000
__Hfunctab                 functab      00000
__Hmaintext                maintext     00000
__Hpowerup                 powerup      00000
__Hram                     ram          00000
__Hreset_vec               reset_vec    00000
__Hsfr0                    sfr0         00000
__Hsfr1                    sfr1         00000
__Hsfr2                    sfr2         00000
__Hsfr3                    sfr3         00000
__Hspace_2                 (abs)        00000
__Hspace_3                 (abs)        00000
__Hstack                   stack        00000
__Hstrings                 strings      00000
__Htext                    text         00000
__Labs1                    abs1         00000
__Lbank0                   bank0        00000
__Lbank1                   bank1        00000
__Lbank2                   bank2        00000
__Lbank3                   bank3        00000
__Lclrtext                 clrtext      00000
__Lcode                    code         00000
__Lcommon                  common       00000
__Lconfig                  config       00000
__Leeprom_data             eeprom_data  00000
__Lfunctab                 functab      00000
__Lintentry                intentry     00000
__Lmaintext                maintext     00000
__Lpowerup                 powerup      00000
__Lram                     ram          00000
__Lreset_vec               reset_vec    00000
__Lsfr0                    sfr0         00000
__Lsfr1                    sfr1         00000
__Lsfr2                    sfr2         00000
__Lsfr3                    sfr3         00000
__Lspace_0                 (abs)        00000
__Lspace_1                 (abs)        00000
__Lspace_2                 (abs)        00000
__Lspace_3                 (abs)        00000
__Lspace_4                 (abs)        00000
__Lstack                   stack        00000
__Lstrings                 strings      00000
__Ltext                    text         00000
__S3                       (abs)        00000
___int_sp                  stack        00000
___sp                      stack        00000
___stackhi                 (abs)        00000
___stacklo                 (abs)        00000
__pintentry                intentry     00000
__ptext34                  text34       00000
__size_of_ADC_setup        (abs)        00000
__size_of_EUSART_conf      (abs)        00000
__size_of_Lcd_Clear        (abs)        00000
__size_of_Lcd_Cmd          (abs)        00000
__size_of_Lcd_Init         (abs)        00000
__size_of_Lcd_Port         (abs)        00000
__size_of_Lcd_Set_Cursor   (abs)        00000
__size_of_Lcd_Write_Char   (abs)        00000
__size_of_Lcd_Write_String (abs)        00000
__size_of_Receive          (abs)        00000
__size_of__Umul8_16        (abs)        00000
__size_of___awdiv          (abs)        00000
__size_of___awmod          (abs)        00000
__size_of___fladd          (abs)        00000
__size_of___fldiv          (abs)        00000
__size_of___fleq           (abs)        00000
__size_of___flge           (abs)        00000
__size_of___flmul          (abs)        00000
__size_of___flneg          (abs)        00000
__size_of___flsub          (abs)        00000
__size_of___fltol          (abs)        00000
__size_of___lldiv          (abs)        00000
__size_of___llmod          (abs)        00000
__size_of___lwdiv          (abs)        00000
__size_of___lwmod          (abs)        00000
__size_of___wmul           (abs)        00000
__size_of___xxtofl         (abs)        00000
__size_of__div_to_l_       (abs)        00000
__size_of__tdiv_to_l_      (abs)        00000
__size_of_fround           (abs)        00000
__size_of_isdigit          (abs)        00000
__size_of_main             (abs)        00000
__size_of_oli              (abs)        00000
__size_of_scale            (abs)        00000
__size_of_setup            (abs)        00000
__size_of_sprintf          (abs)        00000
_oli                       text34       00000
interrupt_function         intentry     00000
intlevel0                  functab      00000
intlevel1                  functab      00000
intlevel2                  functab      00000
intlevel3                  functab      00000
intlevel4                  functab      00000
intlevel5                  functab      00000
reset_vec                  reset_vec    00000
___latbits                 (abs)        00002
_PORTD                     (abs)        00008
_INTCONbits                (abs)        0000B
_PIR1bits                  (abs)        0000C
pnum$text1                 (abs)        0000F
__Hinit                    init         00008
__Hintentry                intentry     00008
__Lend_init                end_init     00008
__Linit                    init         00008
start                      init         00008
_RCSTAbits                 (abs)        00018
__Hend_init                end_init     0000C
__ptext5                   text5        0000C
_isdigit                   text5        0000C
_RCREG                     (abs)        0001A
_ADRESH                    (abs)        0001E
_ADCON0bits                (abs)        0001F
?___awdiv                  cstackBANK0  00020
?___lldiv                  cstackBANK0  00020
?___lwdiv                  cstackBANK0  00020
?__div_to_l_               cstackBANK0  00020
?__tdiv_to_l_              cstackBANK0  00020
__Umul8_16@product         cstackBANK0  00020
___awdiv@divisor           cstackBANK0  00020
___fleq@ff1                cstackBANK0  00020
___flge@ff1                cstackBANK0  00020
___lldiv@divisor           cstackBANK0  00020
___lwdiv@divisor           cstackBANK0  00020
__div_to_l_@f1             cstackBANK0  00020
__pcstackBANK0             cstackBANK0  00020
__tdiv_to_l_@f1            cstackBANK0  00020
__Umul8_16@word_mpld       cstackBANK0  00022
___awdiv@dividend          cstackBANK0  00022
___lwdiv@dividend          cstackBANK0  00022
__Umul8_16@multiplier      cstackBANK0  00024
___fleq@ff2                cstackBANK0  00024
___flge@ff2                cstackBANK0  00024
___lldiv@dividend          cstackBANK0  00024
___lwdiv@quotient          cstackBANK0  00024
___xxtofl@sign             cstackBANK0  00024
__div_to_l_@f2             cstackBANK0  00024
__tdiv_to_l_@f2            cstackBANK0  00024
___awdiv@counter           cstackBANK0  00025
___xxtofl@exp              cstackBANK0  00025
___awdiv@sign              cstackBANK0  00026
___lwdiv@counter           cstackBANK0  00026
___xxtofl@arg              cstackBANK0  00026
___awdiv@quotient          cstackBANK0  00027
?___llmod                  cstackBANK0  00028
___llmod@divisor           cstackBANK0  00028
__tdiv_to_l_@quot          cstackBANK0  00028
?___flmul                  cstackBANK0  0002A
___flmul@b                 cstackBANK0  0002A
___llmod@dividend          cstackBANK0  0002C
__tdiv_to_l_@cntr          cstackBANK0  0002C
__tdiv_to_l_@exp1          cstackBANK0  0002D
___flmul@a                 cstackBANK0  0002E
_RB0                       (abs)        00030
___llmod@counter           cstackBANK0  00030
_RB1                       (abs)        00031
pnum$text1_split_1         (abs)        00034
___flmul@sign              cstackBANK0  00037
___flmul@grs               cstackBANK0  00038
___flmul@aexp              cstackBANK0  0003C
__end_of_isdigit           text5        0001E
__pmaintext                maintext     0001E
_main                      maintext     0001E
___flmul@bexp              cstackBANK0  0003D
___flmul@prod              cstackBANK0  0003E
___flmul@temp              cstackBANK0  00042
?___fldiv                  cstackBANK0  00044
?_fround                   cstackBANK0  00044
?_scale                    cstackBANK0  00044
___fldiv@a                 cstackBANK0  00044
___fldiv@b                 cstackBANK0  00048
_fround$1254               cstackBANK0  0004F
___fldiv@rem               cstackBANK0  00051
_scale$1255                cstackBANK0  00052
_fround$1253               cstackBANK0  00053
___fldiv@sign              cstackBANK0  00055
___fldiv@new_exp           cstackBANK0  00056
scale@scl                  cstackBANK0  00056
?___fltol                  cstackBANK0  00057
___fltol@f1                cstackBANK0  00057
fround@prec                cstackBANK0  00057
?___fladd                  cstackBANK0  00058
___fladd@b                 cstackBANK0  00058
___fldiv@grs               cstackBANK0  00058
___fladd@a                 cstackBANK0  0005C
___fldiv@bexp              cstackBANK0  0005C
___fldiv@aexp              cstackBANK0  0005D
___fltol@sign1             cstackBANK0  00060
___fltol@exp1              cstackBANK0  00061
___fladd@signs             cstackBANK0  00068
___fladd@aexp              cstackBANK0  00069
___fladd@bexp              cstackBANK0  0006A
___fladd@grs               cstackBANK0  0006B
_Pots                      bssBANK0     0006C
__pbssBANK0                bssBANK0     0006C
__pcstackCOMMON            cstackCOMMON 00070
?__Umul8_16                cstackCOMMON 00073
?___awmod                  cstackCOMMON 00073
?___flneg                  cstackCOMMON 00073
?___lwmod                  cstackCOMMON 00073
?___wmul                   cstackCOMMON 00073
?___xxtofl                 cstackCOMMON 00073
ADC_setup@Channel          cstackCOMMON 00073
Lcd_Port@a                 cstackCOMMON 00073
__Umul8_16@multiplicand    cstackCOMMON 00073
___awmod@divisor           cstackCOMMON 00073
___flneg@f1                cstackCOMMON 00073
___lwmod@divisor           cstackCOMMON 00073
___wmul@multiplier         cstackCOMMON 00073
___xxtofl@val              cstackCOMMON 00073
_isdigit$1072              cstackCOMMON 00073
ADC_setup@Format           cstackCOMMON 00074
___lldiv@quotient          cstackCOMMON 00074
__div_to_l_@quot           cstackCOMMON 00074
isdigit@c                  cstackCOMMON 00074
ADC_setup@Vref             cstackCOMMON 00075
Lcd_Write_Char@a           cstackCOMMON 00075
___awmod@dividend          cstackCOMMON 00075
___lwmod@dividend          cstackCOMMON 00075
___wmul@multiplicand       cstackCOMMON 00075
Lcd_Cmd@a                  cstackCOMMON 00076
Lcd_Write_String@a         cstackCOMMON 00076
Lcd_Set_Cursor@b           cstackCOMMON 00077
___wmul@product            cstackCOMMON 00077
ADC_setup@ConClock         cstackCOMMON 00078
Lcd_Set_Cursor@a           cstackCOMMON 00078
Lcd_Write_String@i         cstackCOMMON 00078
___awmod@counter           cstackCOMMON 00078
___lldiv@counter           cstackCOMMON 00078
___lwmod@counter           cstackCOMMON 00078
__div_to_l_@cntr           cstackCOMMON 00078
___awmod@sign              cstackCOMMON 00079
__div_to_l_@exp1           cstackCOMMON 00079
__pbssCOMMON               bssCOMMON    0007A
btemp                      (abs)        0007E
saved_w                    (abs)        0007E
wtemp0                     (abs)        0007E
_TRISA                     (abs)        00085
_TRISAbits                 (abs)        00085
_EUSART_conf               text32       00043
_TRISB                     (abs)        00086
__end_of_oli               text34       00043
__ptext32                  text32       00043
_TRISC                     (abs)        00087
_TRISCbits                 (abs)        00087
_TRISD                     (abs)        00088
_PIE1bits                  (abs)        0008C
_TXSTAbits                 (abs)        00098
_SPBRG                     (abs)        00099
_SPBRGH                    (abs)        0009A
_ADCON1bits                (abs)        0009F
?___flsub                  cstackBANK1  000A0
___flsub@a                 cstackBANK1  000A0
__pcstackBANK1             cstackBANK1  000A0
___flsub@b                 cstackBANK1  000A4
?_sprintf                  cstackBANK1  000A8
sprintf@sp                 cstackBANK1  000A8
sprintf@f                  cstackBANK1  000AA
_sprintf$1256              cstackBANK1  000B4
sprintf@ap                 cstackBANK1  000B8
sprintf@flag               cstackBANK1  000B9
_Lcd_Cmd                   text30       0005D
__end_of_EUSART_conf       text32       0005D
__ptext30                  text30       0005D
sprintf@eexp               cstackBANK1  000BB
sprintf@tmpval             cstackBANK1  000BD
sprintf@val                cstackBANK1  000C1
sprintf@fval               cstackBANK1  000C5
sprintf@prec               cstackBANK1  000C9
sprintf@c                  cstackBANK1  000CB
__pbssBANK1                bssBANK1     000CC
_comando                   bssBANK1     000CC
_contador                  bssBANK1     000CD
_ADC_finish                bssBANK1     000CE
_ADC_value2                bssBANK1     000CF
_ADC_value1                bssBANK1     000D0
_str_vol1                  bssBANK1     000D1
__pnvBANK1                 nvBANK1      000E5
_vol2                      nvBANK1      000E5
_vol1                      nvBANK1      000E9
_Lcd_Set_Cursor            text27       00077
__end_of_Lcd_Cmd           text30       00077
__ptext27                  text27       00077
_Lcd_Write_Char            text26       00093
__end_of_Lcd_Set_Cursor    text27       00093
__ptext26                  text26       00093
_Lcd_Write_String          text25       000A9
__end_of_Lcd_Write_Char    text26       000A9
__ptext25                  text25       000A9
_BAUDCTLbits               (abs)        00187
_ANSEL                     (abs)        00188
_ANSELbits                 (abs)        00188
_ANSELH                    (abs)        00189
__pbssBANK3                bssBANK3     00190
_str_contador              bssBANK3     00190
_str_vol2                  bssBANK3     001A4
__pcstackBANK3             cstackBANK3  001B8
__Hspace_1                 (abs)        001BC
__S1                       (abs)        001BC
__end_of_Lcd_Write_String  text25       000ED
__ptext23                  text23       000ED
_setup                     text23       000ED
___flneg                   text20       00116
__end_of_setup             text23       00116
__ptext20                  text20       00116
___wmul                    text14       00121
__end_of___flneg           text20       00121
__ptext14                  text14       00121
___lwdiv                   text8        00146
__end_of___wmul            text14       00146
__ptext8                   text8        00146
__HcstackBANK0             cstackBANK0  00318
__HcstackBANK1             cstackBANK1  00318
__HcstackBANK3             cstackBANK3  00318
__HcstackCOMMON            cstackCOMMON 00318
__LcstackBANK0             cstackBANK0  00318
__LcstackBANK1             cstackBANK1  00318
__LcstackBANK3             cstackBANK3  00318
__LcstackCOMMON            cstackCOMMON 00318
__end_of___lwdiv           text8        0018C
clear_ram0                 clrtext      0018C
__HbssBANK0                bssBANK0     00328
__HbssBANK1                bssBANK1     00328
__HbssBANK3                bssBANK3     00328
__HbssCOMMON               bssCOMMON    00328
__HnvBANK1                 nvBANK1      00328
__LbssBANK0                bssBANK0     00328
__LbssBANK1                bssBANK1     00328
__LbssBANK3                bssBANK3     00328
__LbssCOMMON               bssCOMMON    00328
__LnvBANK1                 nvBANK1      00328
__end_of_main              maintext     0020F
__Lcinit                   cinit        007E6
__end_of_sprintf           text1_split_1 007E6
__initialization           cinit        007E6
start_initialization       cinit        007E6
__end_of__initialization   cinit        007FC
end_of_initialization      cinit        007FC
__Hcinit                   cinit        00800
_Lcd_Port                  text31       00801
__ptext31                  text31       00801
___lwmod                   text7        00807
__end_of_Lcd_Port          text31       00807
__ptext7                   text7        00807
_ADC_setup                 text33       00841
__end_of___lwmod           text7        00841
__ptext33                  text33       00841
___flmul                   text9        0093C
__end_of_ADC_setup         text33       0093C
__ptext9                   text9        0093C
__end_of___flmul           text9        00C9D
__ptext2                   text2        00C9D
_scale                     text2        00C9D
_Receive                   text35       01000
__Hspace_0                 (abs)        02000
__S0                       (abs)        02000
__end_of_scale             text2        01000
__ptext35                  text35       01000
___flge                    text21       0100E
__end_of_Receive           text35       0100E
__ptext21                  text21       0100E
__end_of___flge            text21       010B2
__ptext6                   text6        010B2
_fround                    text6        010B2
___fladd                   text19       012BF
__end_of_fround            text6        012BF
__ptext19                  text19       012BF
__end_of___fladd           text19       01547
__ptext1                   text1        01547
_sprintf                   text1        01547
__pstrings                 strings      01800
__stringtab                strings      01800
__stringbase               strings      0180F
__end_of__stringtab        strings      01810
__powers_                  strings      01810
__end_of__powers_          strings      01844
__npowers_                 strings      01844
__end_of__npowers_         strings      01878
_dpowers                   strings      01878
__end_of_dpowers           strings      018A0
_Lcd_Clear                 text29       018C2
__ptext29                  text29       018C2
__Umul8_16                 text10       018CF
__end_of_Lcd_Clear         text29       018CF
__ptext10                  text10       018CF
___fleq                    text22       018F8
__end_of__Umul8_16         text10       018F8
__ptext22                  text22       018F8
___flsub                   text18       01948
__end_of___fleq            text22       01948
__ptext18                  text18       01948
_Lcd_Init                  text28       01998
__end_of___flsub           text18       01998
__ptext28                  text28       01998
___llmod                   text15       019EE
__end_of_Lcd_Init          text28       019EE
__ptext15                  text15       019EE
___awmod                   text3        01A44
__end_of___llmod           text15       01A44
__ptext3                   text3        01A44
___lldiv                   text16       01A9D
__end_of___awmod           text3        01A9D
__ptext16                  text16       01A9D
___awdiv                   text4        01B05
__end_of___lldiv           text16       01B05
__ptext4                   text4        01B05
___fltol                   text17       01B6E
__end_of___awdiv           text4        01B6E
__ptext17                  text17       01B6E
___xxtofl                  text13       01BEA
__end_of___fltol           text17       01BEA
__ptext13                  text13       01BEA
__end_of___xxtofl          text13       01CA6
__ptext11                  text11       01CA6
__tdiv_to_l_               text11       01CA6
__div_to_l_                text12       01D63
__end_of__tdiv_to_l_       text11       01D63
__ptext12                  text12       01D63
___fldiv                   text24       01E23
__end_of__div_to_l_        text12       01E23
__ptext24                  text24       01E23
__end_of___fldiv           text24       02000
__Hspace_4                 (abs)        04010
__Hconfig                  config       02009
psplit$0                   (abs)        F0034
